// Jest Snapshot v1, https://goo.gl/fbAQLP

exports[`test reducer 1`] = `
Object {
  "keys": Object {
    "isLoading": true,
  },
}
`;
